🔧 Database Environment Detection:
  - Replit: No
  - Coolify: No
  - Production: Yes
  - DATABASE_URL present: Yes
✅ Initializing Neon PostgreSQL connection
The `fetchConnectionCache` option is deprecated (now always `true`)
🔧 Database Environment Detection:
  - Replit: No
  - Coolify: No
  - Production: Yes
  - DATABASE_URL present: Yes
🔧 Environment: Unknown
💾 Storage: PostgreSQL
🗄️  Database URL present: Yes
🚀 Production mode: Yes
📊 Demo data: Disabled (Production)
✅ Using PostgreSQL database for production data
🔄 Initializing PostgreSQL database tables...
🔧 Creating database tables if they don't exist...
2026-05-18T16:07:45.050Z serving on port 5001
✅ Database connection test successful
✅ Database tables created successfully
🔧 Running database migrations for missing columns...
✅ Database migrations completed successfully
👤 Super admin user already exists, skipping creation
📊 Demo data already exists, skipping seed
✅ PostgreSQL database initialized successfully
Business owner access granted for services.view
Business owner access granted for appointments.view
Business owner access granted for leads.view
2026-05-18T16:08:00.160Z GET /api/client/client_1772632728335/services 304 in 188ms :: [{"id":"service_1…
2026-05-18T16:08:00.994Z GET /api/client/client_1772632728335/dashboard 304 in 1026ms :: {"client":{"id"…
2026-05-18T16:08:01.146Z GET /api/client/client_1772632728335/appointment-slots 304 in 1156ms :: [{"id":…
2026-05-18T16:08:01.147Z GET /api/client/client_1772632728335/appointments 304 in 1168ms :: [{"id":"appt…
2026-05-18T16:08:01.286Z GET /api/client/client_1772632728335/leads 304 in 1298ms :: [{"id":"lead_177886…
2026-05-18T16:08:01.558Z DELETE /api/client/client_1772632728335/appointment-slots/slot_1778595266756 20…
2026-05-18T16:08:01.737Z GET /api/client/client_1772632728335/appointment-slots 200 in 169ms :: [{"id":"…
2026-05-18T16:08:04.406Z DELETE /api/client/client_1772632728335/appointment-slots/slot_1778595268091 20…
2026-05-18T16:08:04.586Z GET /api/client/client_1772632728335/appointment-slots 200 in 172ms :: [{"id":"…
2026-05-18T16:08:08.977Z DELETE /api/client/client_1772632728335/appointment-slots/slot_1779120348491 20…
2026-05-18T16:08:09.156Z GET /api/client/client_1772632728335/appointment-slots 200 in 172ms :: [{"id":"…
2026-05-18T16:08:16.855Z DELETE /api/client/client_1772632728335/appointment-slots/slot_1778865752620 20…
2026-05-18T16:08:17.036Z GET /api/client/client_1772632728335/appointment-slots 200 in 173ms :: [{"id":"…
2026-05-18T16:08:17.947Z DELETE /api/client/client_1772632728335/appointment-slots/slot_1778865734143 20…
2026-05-18T16:08:18.157Z GET /api/client/client_1772632728335/appointment-slots 200 in 203ms :: [{"id":"…
2026-05-18T16:08:18.826Z DELETE /api/client/client_1772632728335/appointment-slots/slot_1778595286867 20…
2026-05-18T16:08:19.008Z GET /api/client/client_1772632728335/appointment-slots 200 in 177ms :: [{"id":"…
2026-05-18T16:08:21.146Z DELETE /api/client/client_1772632728335/appointment-slots/slot_1778865713570 20…
2026-05-18T16:08:21.326Z GET /api/client/client_1772632728335/appointment-slots 200 in 173ms :: [{"id":"…
Business owner access granted for leads.view
Business owner access granted for services.view
Business owner access granted for appointments.view
2026-05-18T16:09:01.916Z GET /api/client/client_1772632728335/leads 304 in 1173ms :: [{"id":"lead_177886…
2026-05-18T16:09:01.925Z GET /api/client/client_1772632728335/services 304 in 1175ms :: [{"id":"service_…
2026-05-18T16:09:01.935Z GET /api/client/client_1772632728335/appointment-slots 304 in 1189ms :: [{"id":…
2026-05-18T16:09:01.944Z GET /api/client/client_1772632728335/appointments 304 in 1192ms :: [{"id":"appt…
2026-05-18T16:09:02.776Z GET /api/client/client_1772632728335/dashboard 304 in 2036ms :: {"client":{"id"…
Business owner access granted for services.view
Business owner access granted for appointments.view
Business owner access granted for leads.view
2026-05-18T16:09:56.895Z GET /api/client/client_1772632728335/leads 304 in 1300ms :: [{"id":"lead_177886…
2026-05-18T16:09:56.905Z GET /api/client/client_1772632728335/appointment-slots 304 in 1311ms :: [{"id":…
2026-05-18T16:09:56.915Z GET /api/client/client_1772632728335/appointments 304 in 1323ms :: [{"id":"appt…
2026-05-18T16:09:56.925Z GET /api/client/client_1772632728335/services 304 in 1335ms :: [{"id":"service_…
Business owner access granted for team.view
2026-05-18T16:09:57.745Z GET /api/client/client_1772632728335/dashboard 304 in 2160ms :: {"client":{"id"…
2026-05-18T16:09:57.798Z GET /api/client/client_1772632728335/team 304 in 190ms :: [{"id":"team_17788627…
Business owner access granted for leads.edit
2026-05-18T16:10:08.796Z PUT /api/client/client_1772632728335/leads/lead_1778862493711 200 in 186ms :: {…
Business owner access granted for leads.view
2026-05-18T16:10:08.984Z GET /api/client/client_1772632728335/leads 200 in 177ms :: [{"id":"lead_1778862…
2026-05-18T16:10:09.826Z GET /api/client/client_1772632728335/dashboard 200 in 1018ms :: {"client":{"id"…
Business owner access granted for leads.view
Business owner access granted for services.view
Business owner access granted for appointments.view
2026-05-18T16:11:19.075Z GET /api/client/client_1772632728335/services 304 in 1417ms :: [{"id":"service_…
2026-05-18T16:11:19.084Z GET /api/client/client_1772632728335/leads 304 in 1429ms :: [{"id":"lead_177886…
2026-05-18T16:11:19.094Z GET /api/client/client_1772632728335/appointment-slots 304 in 1434ms :: [{"id":…
2026-05-18T16:11:19.245Z GET /api/client/client_1772632728335/appointments 304 in 1583ms :: [{"id":"appt…
2026-05-18T16:11:19.935Z GET /api/client/client_1772632728335/dashboard 304 in 2284ms :: {"client":{"id"…
Business owner access granted for team.view
2026-05-18T16:11:20.666Z GET /api/client/client_1772632728335/team 304 in 176ms :: [{"id":"team_17788627…
2026-05-18T16:11:28.265Z DELETE /api/client/client_1772632728335/team/team_1778862799228 200 in 176ms ::…
Business owner access granted for team.view
2026-05-18T16:11:28.475Z GET /api/client/client_1772632728335/team 200 in 172ms :: [{"id":"team_17786958…
Business owner access granted for services.view
Business owner access granted for appointments.view
Business owner access granted for leads.view
Business owner access granted for domains.view
2026-05-18T16:23:13.298Z GET /api/clients/client_1772632728335/domains 304 in 1449ms :: [{"id":"domain_1…
2026-05-18T16:23:13.320Z GET /api/client/client_1772632728335/services 304 in 1649ms :: [{"id":"service_…
2026-05-18T16:23:13.320Z GET /api/client/client_1772632728335/appointment-slots 200 in 1476ms :: [{"id":…
2026-05-18T16:23:13.321Z GET /api/client/client_1772632728335/leads 200 in 1493ms :: [{"id":"lead_177886…
2026-05-18T16:23:13.329Z GET /api/client/client_1772632728335/appointments 200 in 1514ms :: [{"id":"appt…
2026-05-18T16:23:14.181Z GET /api/client/client_1772632728335/dashboard 200 in 2372ms :: {"client":{"id"…
Business owner access granted for services.view
Business owner access granted for appointments.view
Business owner access granted for leads.view
Business owner access granted for team.view
2026-05-18T16:23:52.596Z GET /api/client/client_1772632728335/leads 304 in 1187ms :: [{"id":"lead_177886…
2026-05-18T16:23:52.600Z GET /api/client/client_1772632728335/appointments 304 in 1193ms :: [{"id":"appt…
2026-05-18T16:23:52.611Z GET /api/client/client_1772632728335/team 304 in 1199ms :: [{"id":"team_1778695…
2026-05-18T16:23:52.612Z GET /api/client/client_1772632728335/services 304 in 1212ms :: [{"id":"service_…
2026-05-18T16:23:52.612Z GET /api/client/client_1772632728335/appointment-slots 304 in 1201ms :: [{"id":…
2026-05-18T16:23:53.530Z GET /api/client/client_1772632728335/dashboard 304 in 2182ms :: {"client":{"id"…
Business owner access granted for payments.view
2026-05-18T16:23:54.704Z GET /api/client/client_1772632728335/stripe-config 304 in 211ms :: {"stripePubl…
Business owner access granted for settings.view
2026-05-18T16:23:59.002Z GET /api/client/client_1772632728335/smtp-config 304 in 201ms :: {"smtpHost":"s…
Business owner access granted for google_business.view
2026-05-18T16:24:01.942Z GET /api/clients/client_1772632728335/google-business 304 in 201ms :: {"id":"gb…
Business owner access granted for payments.view
2026-05-18T16:24:27.744Z GET /api/client/client_1772632728335/stripe-config 304 in 285ms :: {"stripePubl…
Business owner access granted for team.view
2026-05-18T16:24:29.382Z GET /api/client/client_1772632728335/team 304 in 191ms :: [{"id":"team_17786958…
Business owner access granted for domains.view
2026-05-18T16:24:33.032Z GET /api/client/client_1772632728335/operating-hours 200 in 201ms :: [{"id":"oh…
2026-05-18T16:24:34.152Z GET /api/clients/client_1772632728335/domains 304 in 1306ms :: [{"id":"domain_1…
Business owner access granted for subscription.view
Business owner access granted for payments.view
Business owner access granted for payments.view
2026-05-18T16:24:44.921Z GET /api/client/client_1772632728335/payment-methods 200 in 188ms :: [{"id":"pm…
2026-05-18T16:24:45.083Z GET /api/client/client_1772632728335/subscription 200 in 355ms :: {"id":"sub_cl…
2026-05-18T16:24:45.837Z GET /api/client/client_1772632728335/billing-history 200 in 1101ms :: [{"id":"i…
2026-05-18T16:24:45.839Z GET /api/public/plans 304 in 1098ms :: [{"id":"plan_1","name":"Free Demo","mont…
Business owner access granted for services.view
Business owner access granted for appointments.view
Business owner access granted for leads.view
Business owner access granted for domains.view
2026-05-18T16:30:45.135Z GET /api/clients/client_1772632728335/domains 304 in 1447ms :: [{"id":"domain_1…
2026-05-18T16:30:45.136Z GET /api/client/client_1772632728335/services 304 in 1463ms :: [{"id":"service_…
2026-05-18T16:30:45.137Z GET /api/client/client_1772632728335/appointments 304 in 1460ms :: [{"id":"appt…
2026-05-18T16:30:45.142Z GET /api/client/client_1772632728335/appointment-slots 304 in 1453ms :: [{"id":…
2026-05-18T16:30:45.145Z GET /api/client/client_1772632728335/leads 304 in 1458ms :: [{"id":"lead_177886…
2026-05-18T16:30:45.593Z GET /api/review-platforms 304 in 10ms :: []
2026-05-18T16:30:45.758Z GET /api/public/plans 304 in 175ms :: [{"id":"plan_1","name":"Free Demo","month…
2026-05-18T16:30:45.992Z GET /api/client/client_1772632728335/dashboard 304 in 2362ms :: {"client":{"id"…
Found 1 total team members
Looking for team member with email: testteam@mail.com
Found team member: Test Awais (testteam@mail.com)
Stored password: "$2b$10$YgRzMJUHIc0tL9hgctnLTuZ0Bt.gMULQtd4k1LMCPeh9p4B4fxSYC" | Submitted: "Awais@2023" | Match: false
Team login successful
2026-05-18T16:31:19.730Z POST /api/auth/team-login 200 in 7616ms :: {"teamMember":{"id":"team_1778695801…
2026-05-18T16:31:24.569Z GET /api/client/client_1772632728335/services 304 in 172ms :: [{"id":"service_1…
2026-05-18T16:31:25.559Z GET /api/client/client_1772632728335/appointments 304 in 1156ms :: [{"id":"appt…
2026-05-18T16:31:25.577Z GET /api/client/client_1772632728335/appointment-slots 304 in 1178ms :: [{"id":…
2026-05-18T16:31:25.617Z GET /api/client/client_1772632728335/leads 304 in 1212ms :: [{"id":"lead_177886…
2026-05-18T16:31:26.419Z GET /api/client/client_1772632728335/dashboard 304 in 2014ms :: {"client":{"id"…
Calendar invite sending error: Error: Invalid login: 535-5.7.8 Username and Password not accepted. For more information, go to
535 5.7.8  https://support.google.com/mail/?p=BadCredentials ffacd0b85a97d-45da0a19b1dsm37732074f8f.17 - gsmtp
    at SMTPConnection._formatError (/Users/awais/Downloads/unity/schedulepro/node_modules/nodemailer/lib/smtp-connection/index.js:814:19)
    at SMTPConnection._actionAUTHComplete (/Users/awais/Downloads/unity/schedulepro/node_modules/nodemailer/lib/smtp-connection/index.js:1622:34)
    at SMTPConnection.<anonymous> (/Users/awais/Downloads/unity/schedulepro/node_modules/nodemailer/lib/smtp-connection/index.js:556:26)
    at SMTPConnection._processResponse (/Users/awais/Downloads/unity/schedulepro/node_modules/nodemailer/lib/smtp-connection/index.js:998:20)
    at SMTPConnection._onData (/Users/awais/Downloads/unity/schedulepro/node_modules/nodemailer/lib/smtp-connection/index.js:774:14)
    at SMTPConnection._onSocketData (/Users/awais/Downloads/unity/schedulepro/node_modules/nodemailer/lib/smtp-connection/index.js:195:44)
    at TLSSocket.emit (node:events:508:28)
    at addChunk (node:internal/streams/readable:559:12)
    at readableAddChunkPushByteMode (node:internal/streams/readable:510:3)
    at Readable.push (node:internal/streams/readable:390:5) {
  code: 'EAUTH',
  response: '535-5.7.8 Username and Password not accepted. For more information, go to\n' +
    '535 5.7.8  https://support.google.com/mail/?p=BadCredentials ffacd0b85a97d-45da0a19b1dsm37732074f8f.17 - gsmtp',
  responseCode: 535,
  command: 'AUTH PLAIN'
}
2026-05-18T16:31:33.184Z POST /api/appointments/appt_1778595321870/send-calendar-invite 500 in 2425ms ::…
DBStorage.getAvailableSlots: date=2026-05-20, parsed=(2026,5,20), dayOfWeek=3
Found 0 slot configurations for dayOfWeek 3
2026-05-18T16:31:36.128Z GET /api/public/client/client_1772632728335/available-slots 200 in 179ms :: []
[PUT] /api/client/client_1772632728335/appointments/appt_1778595321870 - payload: {
  customerName: 'ffff',
  customerEmail: 'awaisajmal22@gmail.com',
  customerPhone: '4443333333',
  serviceId: 'service_1778862179039',
  appointmentDate: '2026-05-20',
  startTime: '15:00',
  status: 'CONFIRMED'
}
2026-05-18T16:31:41.819Z PUT /api/client/client_1772632728335/appointments/appt_1778595321870 200 in 363…
2026-05-18T16:31:42.000Z GET /api/client/client_1772632728335/appointments 200 in 172ms :: [{"id":"appt_…
2026-05-18T16:31:42.909Z GET /api/client/client_1772632728335/dashboard 200 in 1079ms :: {"client":{"id"…
2026-05-18T16:31:47.349Z DELETE /api/client/client_1772632728335/appointments/appt_1778595321870 200 in …
2026-05-18T16:31:47.538Z GET /api/client/client_1772632728335/appointments 200 in 181ms :: [{"id":"appt_…
2026-05-18T16:31:48.379Z GET /api/client/client_1772632728335/dashboard 200 in 1020ms :: {"client":{"id"…
2026-05-18T16:31:57.949Z PUT /api/client/client_1772632728335/services/service_1779116923673 200 in 506m…
2026-05-18T16:31:58.128Z GET /api/client/client_1772632728335/services 200 in 170ms :: [{"id":"service_1…
2026-05-18T16:32:01.468Z DELETE /api/client/client_1772632728335/services/service_1779116923673 200 in 1…
2026-05-18T16:32:01.639Z GET /api/client/client_1772632728335/services 200 in 165ms :: []
2026-05-18T16:32:09.619Z PUT /api/client/client_1772632728335/leads/lead_1778862493711 200 in 182ms :: {…
2026-05-18T16:32:09.810Z GET /api/client/client_1772632728335/leads 200 in 181ms :: [{"id":"lead_1778862…
2026-05-18T16:32:10.649Z GET /api/client/client_1772632728335/dashboard 200 in 1022ms :: {"client":{"id"…
2026-05-18T16:32:13.008Z DELETE /api/client/client_1772632728335/leads/lead_1778862493711 200 in 169ms :…
2026-05-18T16:32:13.208Z GET /api/client/client_1772632728335/leads 200 in 183ms :: []
2026-05-18T16:32:14.039Z GET /api/client/client_1772632728335/dashboard 200 in 1015ms :: {"client":{"id"…
2026-05-18T16:32:14.650Z GET /api/client/client_1772632728335/team 304 in 169ms :: [{"id":"team_17786958…
2026-05-18T16:32:33.200Z PATCH /api/client/client_1772632728335/team/team_1778695801794 200 in 286ms :: …
2026-05-18T16:32:33.379Z GET /api/client/client_1772632728335/team 200 in 172ms :: [{"id":"team_17786958…
2026-05-18T16:32:36.709Z GET /api/client/client_1772632728335/smtp-config 304 in 166ms :: {"smtpHost":"s…
2026-05-18T16:32:50.339Z PUT /api/client/client_1772632728335/website 200 in 182ms :: {"id":"website_177…
2026-05-18T16:32:53.397Z GET /api/client/client_1772632728335 200 in 6ms
2026-05-18T16:32:53.570Z GET /api/public/client/client_1772632728335/website 200 in 173ms :: {"id":"webs…
2026-05-18T16:32:53.580Z GET /api/public/clients/client_1772632728335/website-staff 304 in 0ms :: []
2026-05-18T16:32:53.581Z GET /api/public/clients/client_1772632728335/pricing-tiers 304 in 0ms :: []
2026-05-18T16:32:53.584Z GET /api/public/clients/client_1772632728335/website-testimonials 304 in 0ms ::…
2026-05-18T16:32:53.748Z GET /api/public/client/client_1772632728335 304 in 170ms :: {"id":"client_17726…
2026-05-18T16:32:54.900Z GET /api/public/client/client_1772632728335/services 200 in 1318ms :: []
2026-05-18T16:32:56.294Z GET /api/client/client_1772632728335/services 304 in 179ms :: []
2026-05-18T16:32:57.160Z GET /api/client/client_1772632728335/dashboard 200 in 1045ms :: {"client":{"id"…
2026-05-18T16:32:57.357Z GET /api/client/client_1772632728335/appointments 304 in 1238ms :: [{"id":"appt…
2026-05-18T16:32:57.365Z GET /api/client/client_1772632728335/leads 304 in 1249ms :: []
2026-05-18T16:32:57.365Z GET /api/client/client_1772632728335/appointment-slots 304 in 1246ms :: [{"id":…
2026-05-18T16:33:13.645Z GET /api/clients/client_1772632728335/domains 403 in 27ms :: {"error":"Access d…
2026-05-18T16:33:13.835Z GET /api/client/client_1772632728335/operating-hours 304 in 188ms :: [{"id":"oh…
2026-05-18T16:33:32.002Z POST /api/client/client_1772632728335/operating-hours 200 in 376ms :: [{"id":"o…
2026-05-18T16:33:35.070Z GET /api/client/client_1772632728335/services 304 in 175ms :: []
2026-05-18T16:33:35.882Z GET /api/clients/client_1772632728335/domains 403 in 1ms :: {"error":"Access de…
2026-05-18T16:33:36.060Z GET /api/client/client_1772632728335/operating-hours 200 in 181ms :: [{"id":"oh…
2026-05-18T16:34:12.302Z POST /api/client/client_1772632728335/operating-hours 200 in 1444ms :: [{"id":"…
2026-05-18T16:34:31.532Z POST /api/client/client_1772632728335/operating-hours 200 in 339ms :: [{"id":"o…
2026-05-18T16:34:37.371Z GET /api/client/client_1772632728335/smtp-config 304 in 174ms :: {"smtpHost":"s…
2026-05-18T16:35:28.010Z GET /api/client/client_1772632728335/services 304 in 1158ms :: []
2026-05-18T16:35:28.020Z GET /api/client/client_1772632728335/smtp-config 304 in 1162ms :: {"smtpHost":"…
2026-05-18T16:35:28.025Z GET /api/client/client_1772632728335/appointment-slots 304 in 1169ms :: [{"id":…
2026-05-18T16:35:28.025Z GET /api/client/client_1772632728335/leads 304 in 1170ms :: []
2026-05-18T16:35:28.061Z GET /api/client/client_1772632728335/appointments 304 in 1207ms :: [{"id":"appt…
2026-05-18T16:35:28.871Z GET /api/client/client_1772632728335/dashboard 200 in 2036ms :: {"client":{"id"…
2026-05-18T16:39:00.603Z GET /api/client/client_1772632728335/appointments 304 in 1282ms :: [{"id":"appt…
2026-05-18T16:39:00.622Z GET /api/client/client_1772632728335/smtp-config 304 in 1293ms :: {"smtpHost":"…
2026-05-18T16:39:00.631Z GET /api/client/client_1772632728335/appointment-slots 304 in 1305ms :: [{"id":…
2026-05-18T16:39:00.631Z GET /api/client/client_1772632728335/services 304 in 1316ms :: []
2026-05-18T16:39:00.663Z GET /api/client/client_1772632728335/leads 304 in 1338ms :: []
2026-05-18T16:39:01.534Z GET /api/client/client_1772632728335/dashboard 304 in 2236ms :: {"client":{"id"…
2026-05-18T16:39:23.308Z GET /api/client/client_1772632728335/team 304 in 188ms :: [{"id":"team_17786958…
2026-05-18T16:39:27.205Z GET /api/clients/client_1772632728335/domains 403 in 1ms :: {"error":"Access de…
2026-05-18T16:39:27.376Z GET /api/client/client_1772632728335/operating-hours 200 in 177ms :: [{"id":"oh…
2026-05-18T16:40:13.195Z GET /api/client/client_1772632728335/smtp-config 304 in 1260ms :: {"smtpHost":"…
2026-05-18T16:40:13.638Z GET /api/client/client_1772632728335/team 304 in 1074ms :: [{"id":"team_1778695…
2026-05-18T16:40:37.825Z GET /api/client/client_1772632728335/services 304 in 170ms :: []
Calendar invite sending error: Error: Invalid login: 535-5.7.8 Username and Password not accepted. For more information, go to
535 5.7.8  https://support.google.com/mail/?p=BadCredentials 5b1f17b1804b1-4900c16c744sm81980415e9.3 - gsmtp
    at SMTPConnection._formatError (/Users/awais/Downloads/unity/schedulepro/node_modules/nodemailer/lib/smtp-connection/index.js:814:19)
    at SMTPConnection._actionAUTHComplete (/Users/awais/Downloads/unity/schedulepro/node_modules/nodemailer/lib/smtp-connection/index.js:1622:34)
    at SMTPConnection.<anonymous> (/Users/awais/Downloads/unity/schedulepro/node_modules/nodemailer/lib/smtp-connection/index.js:556:26)
    at SMTPConnection._processResponse (/Users/awais/Downloads/unity/schedulepro/node_modules/nodemailer/lib/smtp-connection/index.js:998:20)
    at SMTPConnection._onData (/Users/awais/Downloads/unity/schedulepro/node_modules/nodemailer/lib/smtp-connection/index.js:774:14)
    at SMTPConnection._onSocketData (/Users/awais/Downloads/unity/schedulepro/node_modules/nodemailer/lib/smtp-connection/index.js:195:44)
    at TLSSocket.emit (node:events:508:28)
    at addChunk (node:internal/streams/readable:559:12)
    at readableAddChunkPushByteMode (node:internal/streams/readable:510:3)
    at Readable.push (node:internal/streams/readable:390:5) {
  code: 'EAUTH',
  response: '535-5.7.8 Username and Password not accepted. For more information, go to\n' +
    '535 5.7.8  https://support.google.com/mail/?p=BadCredentials 5b1f17b1804b1-4900c16c744sm81980415e9.3 - gsmtp',
  responseCode: 535,
  command: 'AUTH PLAIN'
}
2026-05-18T16:40:44.880Z POST /api/appointments/appt_1779120277111/send-calendar-invite 500 in 2342ms ::…
Calendar invite sending error: Error: Invalid login: 535-5.7.8 Username and Password not accepted. For more information, go to
535 5.7.8  https://support.google.com/mail/?p=BadCredentials ffacd0b85a97d-45d9ed2f738sm37841596f8f.16 - gsmtp
    at SMTPConnection._formatError (/Users/awais/Downloads/unity/schedulepro/node_modules/nodemailer/lib/smtp-connection/index.js:814:19)
    at SMTPConnection._actionAUTHComplete (/Users/awais/Downloads/unity/schedulepro/node_modules/nodemailer/lib/smtp-connection/index.js:1622:34)
    at SMTPConnection.<anonymous> (/Users/awais/Downloads/unity/schedulepro/node_modules/nodemailer/lib/smtp-connection/index.js:556:26)
    at SMTPConnection._processResponse (/Users/awais/Downloads/unity/schedulepro/node_modules/nodemailer/lib/smtp-connection/index.js:998:20)
    at SMTPConnection._onData (/Users/awais/Downloads/unity/schedulepro/node_modules/nodemailer/lib/smtp-connection/index.js:774:14)
    at SMTPConnection._onSocketData (/Users/awais/Downloads/unity/schedulepro/node_modules/nodemailer/lib/smtp-connection/index.js:195:44)
    at TLSSocket.emit (node:events:508:28)
    at addChunk (node:internal/streams/readable:559:12)
    at readableAddChunkPushByteMode (node:internal/streams/readable:510:3)
    at Readable.push (node:internal/streams/readable:390:5) {
  code: 'EAUTH',
  response: '535-5.7.8 Username and Password not accepted. For more information, go to\n' +
    '535 5.7.8  https://support.google.com/mail/?p=BadCredentials ffacd0b85a97d-45d9ed2f738sm37841596f8f.16 - gsmtp',
  responseCode: 535,
  command: 'AUTH PLAIN'
}
2026-05-18T16:40:48.226Z POST /api/appointments/appt_1779120277111/send-calendar-invite 500 in 2271ms ::…
DBStorage.getAvailableSlots: date=2026-05-18, parsed=(2026,5,18), dayOfWeek=1
Found 0 slot configurations for dayOfWeek 1
2026-05-18T16:41:19.645Z GET /api/public/client/client_1772632728335/available-slots 200 in 1495ms :: []
2026-05-18T16:41:29.034Z GET /api/client/client_1772632728335/appointments 304 in 174ms :: [{"id":"appt_…
2026-05-18T16:41:55.265Z GET /api/client/client_1772632728335/services 304 in 168ms :: []
2026-05-18T16:41:56.887Z GET /api/client/client_1772632728335/team 304 in 172ms :: [{"id":"team_17786958…
2026-05-18T16:41:57.505Z GET /api/client/client_1772632728335/smtp-config 304 in 175ms :: {"smtpHost":"s…
2026-05-18T16:41:59.199Z GET /api/clients/client_1772632728335/domains 403 in 1ms :: {"error":"Access de…
2026-05-18T16:41:59.378Z GET /api/client/client_1772632728335/operating-hours 304 in 176ms :: [{"id":"oh…
2026-05-18T16:42:01.266Z GET /api/clients/client_1772632728335/domains 403 in 1ms :: {"error":"Access de…
2026-05-18T16:42:01.435Z GET /api/client/client_1772632728335/operating-hours 304 in 168ms :: [{"id":"oh…
2026-05-18T16:42:18.446Z GET /api/clients/client_1772632728335/domains 403 in 1ms :: {"error":"Access de…
2026-05-18T16:42:18.615Z GET /api/client/client_1772632728335/operating-hours 304 in 168ms :: [{"id":"oh…
2026-05-18T16:42:28.944Z GET /api/client/client_1772632728335/smtp-config 304 in 170ms :: {"smtpHost":"s…
2026-05-18T16:42:37.022Z GET /api/review-platforms 304 in 1ms :: []
2026-05-18T16:42:37.225Z GET /api/public/plans 304 in 206ms :: [{"id":"plan_1","name":"Free Demo","month…
2026-05-18T16:42:57.818Z POST /api/auth/client-login 200 in 483ms :: {"user":{"id":"user_1772632728220",…
Business owner access granted for services.view
Business owner access granted for leads.view
Business owner access granted for appointments.view
2026-05-18T16:42:58.866Z GET /api/client/client_1772632728335/dashboard 304 in 1026ms :: {"client":{"id"…
2026-05-18T16:42:59.146Z GET /api/client/client_1772632728335/services 304 in 1303ms :: []
2026-05-18T16:42:59.157Z GET /api/client/client_1772632728335/appointment-slots 304 in 1308ms :: [{"id":…
2026-05-18T16:42:59.166Z GET /api/client/client_1772632728335/leads 304 in 1320ms :: []
2026-05-18T16:42:59.188Z GET /api/client/client_1772632728335/appointments 304 in 1341ms :: [{"id":"appt…
Business owner access granted for settings.view
2026-05-18T16:43:01.537Z GET /api/client/client_1772632728335/smtp-config 304 in 176ms :: {"smtpHost":"s…
Business owner access granted for settings.manage
SMTP config update data: {
  smtpHost: 'smtp.gmail.com',
  smtpPort: 587,
  smtpUsername: 'khakan@vconekt.co',
  smtpPassword: '***',
  smtpFromEmail: 'khakan@vconekt.co',
  smtpFromName: 'khakan hayder',
  smtpSecure: true,
  smtpEnabled: true
}
2026-05-18T16:43:53.068Z PUT /api/client/client_1772632728335/smtp-config 200 in 1266ms :: {"message":"S…
Business owner access granted for settings.manage
Email sending error: Error: Invalid login: 535-5.7.8 Username and Password not accepted. For more information, go to
535 5.7.8  https://support.google.com/mail/?p=BadCredentials ffacd0b85a97d-45d9ec3ac86sm38065125f8f.14 - gsmtp
    at SMTPConnection._formatError (/Users/awais/Downloads/unity/schedulepro/node_modules/nodemailer/lib/smtp-connection/index.js:814:19)
    at SMTPConnection._actionAUTHComplete (/Users/awais/Downloads/unity/schedulepro/node_modules/nodemailer/lib/smtp-connection/index.js:1622:34)
    at SMTPConnection.<anonymous> (/Users/awais/Downloads/unity/schedulepro/node_modules/nodemailer/lib/smtp-connection/index.js:556:26)
    at SMTPConnection._processResponse (/Users/awais/Downloads/unity/schedulepro/node_modules/nodemailer/lib/smtp-connection/index.js:998:20)
    at SMTPConnection._onData (/Users/awais/Downloads/unity/schedulepro/node_modules/nodemailer/lib/smtp-connection/index.js:774:14)
    at SMTPConnection._onSocketData (/Users/awais/Downloads/unity/schedulepro/node_modules/nodemailer/lib/smtp-connection/index.js:195:44)
    at TLSSocket.emit (node:events:508:28)
    at addChunk (node:internal/streams/readable:559:12)
    at readableAddChunkPushByteMode (node:internal/streams/readable:510:3)
    at Readable.push (node:internal/streams/readable:390:5) {
  code: 'EAUTH',
  response: '535-5.7.8 Username and Password not accepted. For more information, go to\n' +
    '535 5.7.8  https://support.google.com/mail/?p=BadCredentials ffacd0b85a97d-45d9ec3ac86sm38065125f8f.14 - gsmtp',
  responseCode: 535,
  command: 'AUTH PLAIN'
}
2026-05-18T16:44:24.458Z POST /api/client/client_1772632728335/smtp-test 400 in 1877ms :: {"error":"Fail…
Business owner access granted for settings.manage
SMTP config update data: {
  smtpHost: 'smtp.gmail.com',
  smtpPort: 587,
  smtpUsername: 'khakan@vconekt.co',
  smtpPassword: '***',
  smtpFromEmail: 'khakan@vconekt.co',
  smtpFromName: 'khakan hayder',
  smtpSecure: true,
  smtpEnabled: true
}
2026-05-18T16:44:59.796Z PUT /api/client/client_1772632728335/smtp-config 200 in 1271ms :: {"message":"S…
Business owner access granted for settings.manage
Email sending error: Error: Invalid login: 535-5.7.8 Username and Password not accepted. For more information, go to
535 5.7.8  https://support.google.com/mail/?p=BadCredentials 5b1f17b1804b1-48febf81970sm119725315e9.8 - gsmtp
    at SMTPConnection._formatError (/Users/awais/Downloads/unity/schedulepro/node_modules/nodemailer/lib/smtp-connection/index.js:814:19)
    at SMTPConnection._actionAUTHComplete (/Users/awais/Downloads/unity/schedulepro/node_modules/nodemailer/lib/smtp-connection/index.js:1622:34)
    at SMTPConnection.<anonymous> (/Users/awais/Downloads/unity/schedulepro/node_modules/nodemailer/lib/smtp-connection/index.js:556:26)
    at SMTPConnection._processResponse (/Users/awais/Downloads/unity/schedulepro/node_modules/nodemailer/lib/smtp-connection/index.js:998:20)
    at SMTPConnection._onData (/Users/awais/Downloads/unity/schedulepro/node_modules/nodemailer/lib/smtp-connection/index.js:774:14)
    at SMTPConnection._onSocketData (/Users/awais/Downloads/unity/schedulepro/node_modules/nodemailer/lib/smtp-connection/index.js:195:44)
    at TLSSocket.emit (node:events:508:28)
    at addChunk (node:internal/streams/readable:559:12)
    at readableAddChunkPushByteMode (node:internal/streams/readable:510:3)
    at Readable.push (node:internal/streams/readable:390:5) {
  code: 'EAUTH',
  response: '535-5.7.8 Username and Password not accepted. For more information, go to\n' +
    '535 5.7.8  https://support.google.com/mail/?p=BadCredentials 5b1f17b1804b1-48febf81970sm119725315e9.8 - gsmtp',
  responseCode: 535,
  command: 'AUTH PLAIN'
}
2026-05-18T16:45:09.968Z POST /api/client/client_1772632728335/smtp-test 400 in 1816ms :: {"error":"Fail…
Business owner access granted for domains.view
2026-05-18T16:45:58.471Z GET /api/clients/client_1772632728335/domains 200 in 1242ms :: [{"id":"domain_1…
2026-05-18T16:45:58.471Z GET /api/client/client_1772632728335/operating-hours 304 in 1209ms :: [{"id":"o…
DBStorage.getAvailableSlots: date=2026-05-18, parsed=(2026,5,18), dayOfWeek=1
Found 0 slot configurations for dayOfWeek 1
2026-05-18T16:46:02.528Z GET /api/public/client/client_1772632728335/available-slots 304 in 181ms :: []
Business owner access granted for appointments.edit
[PUT] /api/client/client_1772632728335/appointments/appt_1779120277111 - payload: {
  customerName: 'fddf',
  customerEmail: 'ff@mail.com',
  customerPhone: '3332223333',
  serviceId: 'service_1779116923673',
  appointmentDate: '2026-05-18',
  startTime: '16:00',
  status: 'CANCELLED'
}
2026-05-18T16:46:06.037Z PUT /api/client/client_1772632728335/appointments/appt_1779120277111 200 in 361…
Business owner access granted for appointments.view
2026-05-18T16:46:06.226Z GET /api/client/client_1772632728335/appointments 200 in 171ms :: [{"id":"appt_…
2026-05-18T16:46:07.105Z GET /api/client/client_1772632728335/dashboard 200 in 1053ms :: {"client":{"id"…
DBStorage.getAvailableSlots: date=2026-05-17, parsed=(2026,5,17), dayOfWeek=0
Found 0 slot configurations for dayOfWeek 0
2026-05-18T16:46:12.505Z GET /api/public/client/client_1772632728335/available-slots 200 in 176ms :: []
DBStorage.getAvailableSlots: date=2026-05-19, parsed=(2026,5,19), dayOfWeek=2
Found 0 slot configurations for dayOfWeek 2
2026-05-18T16:46:16.125Z GET /api/public/client/client_1772632728335/available-slots 200 in 175ms :: []
DBStorage.getAvailableSlots: date=2026-05-18, parsed=(2026,5,18), dayOfWeek=1
Found 0 slot configurations for dayOfWeek 1
2026-05-18T16:46:19.605Z GET /api/public/client/client_1772632728335/available-slots 304 in 173ms :: []
Business owner access granted for appointments.edit
[PUT] /api/client/client_1772632728335/appointments/appt_1779120277111 - payload: {
  customerName: 'fddf',
  customerEmail: 'ff@mail.com',
  customerPhone: '3332223333',
  serviceId: 'service_1779116923673',
  appointmentDate: '2026-05-18',
  startTime: '16:00',
  status: 'CANCELLED'
}
2026-05-18T16:46:20.717Z PUT /api/client/client_1772632728335/appointments/appt_1779120277111 200 in 361…
Business owner access granted for appointments.view
2026-05-18T16:46:20.896Z GET /api/client/client_1772632728335/appointments 200 in 170ms :: [{"id":"appt_…
2026-05-18T16:46:21.757Z GET /api/client/client_1772632728335/dashboard 200 in 1028ms :: {"client":{"id"…
Creating appointment slot - clientId: client_1772632728335
Request body: {
  dayOfWeek: 1,
  startTime: '09:00',
  endTime: '17:00',
  slotDuration: 30,
  clientId: 'client_1772632728335',
  isActive: true
}
Parsed slot data: {
  clientId: 'client_1772632728335',
  dayOfWeek: 1,
  startTime: '09:00',
  endTime: '17:00',
  slotDuration: 30,
  isActive: true
}
Created slot: {
  id: 'slot_1779122786617',
  clientId: 'client_1772632728335',
  dayOfWeek: 1,
  startTime: '09:00',
  endTime: '17:00',
  slotDuration: 30,
  isActive: true,
  createdAt: 2026-05-18T16:46:26.618Z,
  updatedAt: 2026-05-18T16:46:26.618Z
}
2026-05-18T16:46:26.786Z POST /api/client/client_1772632728335/appointment-slots 200 in 180ms :: {"id":"…
2026-05-18T16:46:26.966Z GET /api/client/client_1772632728335/appointment-slots 200 in 169ms :: [{"id":"…
Business owner access granted for services.view
2026-05-18T16:46:35.737Z GET /api/client/client_1772632728335/services 304 in 170ms :: []
Business owner access granted for team.view
2026-05-18T16:46:36.957Z GET /api/client/client_1772632728335/team 304 in 179ms :: [{"id":"team_17786958…
Business owner access granted for payments.view
2026-05-18T16:46:37.518Z GET /api/client/client_1772632728335/stripe-config 304 in 172ms :: {"stripePubl…
Business owner access granted for settings.view
2026-05-18T16:46:38.345Z GET /api/client/client_1772632728335/smtp-config 200 in 167ms :: {"smtpHost":"s…
Business owner access granted for google_business.view
2026-05-18T16:46:43.525Z GET /api/clients/client_1772632728335/google-business 304 in 179ms :: {"id":"gb…
Business owner access granted for domains.view
2026-05-18T16:46:46.085Z GET /api/clients/client_1772632728335/domains 304 in 172ms :: [{"id":"domain_17…
2026-05-18T16:46:46.086Z GET /api/client/client_1772632728335/operating-hours 304 in 174ms :: [{"id":"oh…
2026-05-18T16:46:51.578Z POST /api/client/client_1772632728335/operating-hours 200 in 352ms :: [{"id":"o…
2026-05-18T16:46:54.119Z GET /api/client/client_1772632728335/operating-hours 200 in 175ms :: [{"id":"oh…
2026-05-18T16:47:00.017Z POST /api/client/client_1772632728335/operating-hours 200 in 346ms :: [{"id":"o…
2026-05-18T16:47:05.518Z GET /api/client/client_1772632728335/operating-hours 200 in 181ms :: [{"id":"oh…
2026-05-18T16:47:09.061Z POST /api/client/client_1772632728335/operating-hours 200 in 352ms :: [{"id":"o…
2026-05-18T16:47:49.218Z POST /api/domains/domain_1778612159824/verify 400 in 1618ms :: {"error":"Domain…
2026-05-18T16:48:54.799Z PUT /api/clients/client_1772632728335 200 in 1100ms :: {"id":"client_1772632728…
Business owner access granted for services.view
2026-05-18T16:48:54.987Z GET /api/client/client_1772632728335/services 304 in 174ms :: []
2026-05-18T16:48:56.779Z GET /api/client/client_1772632728335/dashboard 200 in 1965ms :: {"client":{"id"…
2026-05-18T16:48:59.689Z POST /api/client/client_1772632728335/operating-hours 200 in 351ms :: [{"id":"o…
Business owner access granted for domains.view
2026-05-18T16:49:02.499Z GET /api/client/client_1772632728335/operating-hours 200 in 171ms :: [{"id":"oh…
2026-05-18T16:49:02.505Z GET /api/clients/client_1772632728335/domains 304 in 174ms :: [{"id":"domain_17…
Business owner access granted for team.view
2026-05-18T16:49:12.309Z GET /api/client/client_1772632728335/team 304 in 177ms :: [{"id":"team_17786958…
Business owner access granted for payments.view
2026-05-18T16:49:13.107Z GET /api/client/client_1772632728335/stripe-config 304 in 173ms :: {"stripePubl…
Business owner access granted for settings.view
2026-05-18T16:49:14.200Z GET /api/client/client_1772632728335/smtp-config 304 in 173ms :: {"smtpHost":"s…
Business owner access granted for google_business.view
2026-05-18T16:49:17.687Z GET /api/clients/client_1772632728335/google-business 304 in 174ms :: {"id":"gb…
2026-05-18T16:49:19.969Z GET /api/client/client_1772632728335/operating-hours 304 in 170ms :: [{"id":"oh…
Business owner access granted for services.view
2026-05-18T16:49:25.188Z GET /api/client/client_1772632728335/services 304 in 177ms :: []
Business owner access granted for services.view
Business owner access granted for appointments.view
Business owner access granted for leads.view
Business owner access granted for team.view
2026-05-18T16:55:33.236Z GET /api/client/client_1772632728335/team 304 in 1421ms :: [{"id":"team_1778695…
2026-05-18T16:55:33.236Z GET /api/client/client_1772632728335/appointments 304 in 1423ms :: [{"id":"appt…
2026-05-18T16:55:33.237Z GET /api/client/client_1772632728335/leads 304 in 1423ms :: []
2026-05-18T16:55:33.237Z GET /api/client/client_1772632728335/services 304 in 1431ms :: []
2026-05-18T16:55:33.252Z GET /api/client/client_1772632728335/appointment-slots 304 in 1437ms :: [{"id":…
2026-05-18T16:55:34.086Z GET /api/client/client_1772632728335/dashboard 200 in 2327ms :: {"client":{"id"…
Business owner access granted for services.view
Business owner access granted for appointments.view
Business owner access granted for leads.view
Business owner access granted for domains.view
2026-05-18T17:03:17.798Z GET /api/client/client_1772632728335/services 200 in 1727ms :: []
2026-05-18T17:03:17.803Z GET /api/clients/client_1772632728335/domains 304 in 1354ms :: [{"id":"domain_1…
2026-05-18T17:03:17.804Z GET /api/client/client_1772632728335/appointment-slots 200 in 1356ms :: [{"id":…
2026-05-18T17:03:17.805Z GET /api/client/client_1772632728335/appointments 200 in 1363ms :: [{"id":"appt…
2026-05-18T17:03:17.823Z GET /api/client/client_1772632728335/leads 200 in 1377ms :: []
2026-05-18T17:03:18.645Z GET /api/client/client_1772632728335/dashboard 200 in 2200ms :: {"client":{"id"…
Business owner access granted for services.view
Business owner access granted for appointments.view
Business owner access granted for leads.view
Business owner access granted for team.view
2026-05-18T17:03:41.187Z GET /api/client/client_1772632728335/appointments 304 in 182ms :: [{"id":"appt_…
2026-05-18T17:03:41.187Z GET /api/client/client_1772632728335/leads 304 in 181ms :: []
2026-05-18T17:03:41.188Z GET /api/client/client_1772632728335/services 304 in 186ms :: []
2026-05-18T17:03:41.194Z GET /api/client/client_1772632728335/team 304 in 172ms :: [{"id":"team_17786958…
2026-05-18T17:03:41.194Z GET /api/client/client_1772632728335/appointment-slots 304 in 187ms :: [{"id":"…
2026-05-18T17:03:42.038Z GET /api/client/client_1772632728335/dashboard 304 in 1063ms :: {"client":{"id"…
Business owner access granted for services.view
Business owner access granted for appointments.view
Business owner access granted for leads.view
Business owner access granted for domains.view
2026-05-18T17:04:00.614Z GET /api/client/client_1772632728335/services 304 in 241ms :: []
2026-05-18T17:04:00.636Z GET /api/client/client_1772632728335/appointments 304 in 201ms :: [{"id":"appt_…
2026-05-18T17:04:00.636Z GET /api/client/client_1772632728335/leads 304 in 171ms :: []
2026-05-18T17:04:00.638Z GET /api/client/client_1772632728335/appointment-slots 304 in 168ms :: [{"id":"…
2026-05-18T17:04:00.644Z GET /api/clients/client_1772632728335/domains 304 in 173ms :: [{"id":"domain_17…
2026-05-18T17:04:01.566Z GET /api/client/client_1772632728335/dashboard 304 in 1100ms :: {"client":{"id"…
Business owner access granted for services.view
Business owner access granted for appointments.view
Business owner access granted for leads.view
Business owner access granted for domains.view
2026-05-18T17:21:30.444Z GET /api/client/client_1772632728335/appointments 304 in 1332ms :: [{"id":"appt…
2026-05-18T17:21:30.444Z GET /api/client/client_1772632728335/leads 304 in 1315ms :: []
2026-05-18T17:21:30.444Z GET /api/client/client_1772632728335/services 304 in 1462ms :: []
2026-05-18T17:21:30.448Z GET /api/client/client_1772632728335/appointment-slots 304 in 1318ms :: [{"id":…
2026-05-18T17:21:30.457Z GET /api/clients/client_1772632728335/domains 304 in 1326ms :: [{"id":"domain_1…
2026-05-18T17:21:31.287Z GET /api/client/client_1772632728335/dashboard 304 in 2165ms :: {"client":{"id"…
Business owner access granted for services.view
Business owner access granted for appointments.view
Business owner access granted for leads.view
Business owner access granted for domains.view
2026-05-18T17:23:54.092Z GET /api/client/client_1772632728335/appointments 304 in 1399ms :: [{"id":"appt…
2026-05-18T17:23:54.093Z GET /api/client/client_1772632728335/leads 304 in 1397ms :: []
2026-05-18T17:23:54.096Z GET /api/client/client_1772632728335/services 304 in 1408ms :: []
2026-05-18T17:23:54.108Z GET /api/client/client_1772632728335/appointment-slots 304 in 1411ms :: [{"id":…
2026-05-18T17:23:54.112Z GET /api/clients/client_1772632728335/domains 304 in 1413ms :: [{"id":"domain_1…
2026-05-18T17:23:54.926Z GET /api/client/client_1772632728335/dashboard 304 in 2326ms :: {"client":{"id"…
Business owner access granted for services.view
Business owner access granted for appointments.view
Business owner access granted for leads.view
Business owner access granted for domains.view
2026-05-18T17:26:03.812Z GET /api/client/client_1772632728335/leads 304 in 1459ms :: []
2026-05-18T17:26:03.813Z GET /api/client/client_1772632728335/appointment-slots 304 in 1455ms :: [{"id":…
2026-05-18T17:26:03.822Z GET /api/client/client_1772632728335/appointments 304 in 1484ms :: [{"id":"appt…
2026-05-18T17:26:03.822Z GET /api/client/client_1772632728335/services 304 in 1501ms :: []
2026-05-18T17:26:03.823Z GET /api/clients/client_1772632728335/domains 304 in 1451ms :: [{"id":"domain_1…
2026-05-18T17:26:04.707Z GET /api/client/client_1772632728335/dashboard 304 in 2457ms :: {"client":{"id"…
Business owner access granted for services.view
Business owner access granted for leads.view
Business owner access granted for appointments.view
Business owner access granted for domains.view
2026-05-18T17:36:16.456Z GET /api/client/client_1772632728335/appointments 304 in 1394ms :: [{"id":"appt…
2026-05-18T17:36:16.456Z GET /api/client/client_1772632728335/services 304 in 1578ms :: []
2026-05-18T17:36:16.457Z GET /api/clients/client_1772632728335/domains 304 in 1378ms :: [{"id":"domain_1…
2026-05-18T17:36:16.457Z GET /api/client/client_1772632728335/leads 304 in 1404ms :: []
2026-05-18T17:36:16.457Z GET /api/client/client_1772632728335/appointment-slots 304 in 1383ms :: [{"id":…
2026-05-18T17:36:17.304Z GET /api/client/client_1772632728335/dashboard 304 in 2247ms :: {"client":{"id"…
Business owner access granted for appointments.view
Business owner access granted for services.view
Business owner access granted for leads.view
Business owner access granted for team.view
2026-05-18T17:41:55.879Z GET /api/client/client_1772632728335/appointment-slots 304 in 1306ms :: [{"id":…
2026-05-18T17:41:55.880Z GET /api/client/client_1772632728335/leads 304 in 1308ms :: []
2026-05-18T17:41:55.880Z GET /api/client/client_1772632728335/services 304 in 1309ms :: []
2026-05-18T17:41:55.895Z GET /api/client/client_1772632728335/team 304 in 1321ms :: [{"id":"team_1778695…
2026-05-18T17:41:56.676Z GET /api/client/client_1772632728335/dashboard 304 in 2138ms :: {"client":{"id"…
2026-05-18T17:41:56.803Z GET /api/client/client_1772632728335/appointments 304 in 2240ms :: [{"id":"appt…
Business owner access granted for services.view
Business owner access granted for appointments.view
Business owner access granted for leads.view
Business owner access granted for domains.view
2026-05-18T17:59:46.308Z GET /api/client/client_1772632728335/services 304 in 1396ms :: []
2026-05-18T17:59:46.309Z GET /api/client/client_1772632728335/appointments 304 in 1388ms :: [{"id":"appt…
2026-05-18T17:59:46.310Z GET /api/clients/client_1772632728335/domains 304 in 1381ms :: [{"id":"domain_1…
2026-05-18T17:59:46.310Z GET /api/client/client_1772632728335/leads 304 in 1386ms :: []
2026-05-18T17:59:46.318Z GET /api/client/client_1772632728335/appointment-slots 304 in 1393ms :: [{"id":…
2026-05-18T17:59:47.149Z GET /api/client/client_1772632728335/dashboard 304 in 2327ms :: {"client":{"id"…
Business owner access granted for services.view
Business owner access granted for appointments.view
Business owner access granted for leads.view
Business owner access granted for domains.view
2026-05-18T18:00:50.006Z GET /api/client/client_1772632728335/appointment-slots 304 in 1116ms :: [{"id":…
2026-05-18T18:00:50.012Z GET /api/client/client_1772632728335/leads 304 in 1125ms :: []
2026-05-18T18:00:50.019Z GET /api/client/client_1772632728335/appointments 304 in 1133ms :: [{"id":"appt…
2026-05-18T18:00:50.030Z GET /api/clients/client_1772632728335/domains 304 in 1137ms :: [{"id":"domain_1…
2026-05-18T18:00:50.052Z GET /api/client/client_1772632728335/services 304 in 1182ms :: []
2026-05-18T18:00:50.810Z GET /api/client/client_1772632728335/dashboard 304 in 2012ms :: {"client":{"id"…
Business owner access granted for services.view
Business owner access granted for appointments.view
Business owner access granted for leads.view
Business owner access granted for domains.view
2026-05-18T18:01:24.489Z GET /api/client/client_1772632728335/appointment-slots 304 in 1183ms :: [{"id":…
2026-05-18T18:01:24.491Z GET /api/client/client_1772632728335/services 304 in 1551ms :: []
2026-05-18T18:01:24.494Z GET /api/client/client_1772632728335/leads 304 in 1191ms :: []
2026-05-18T18:01:24.518Z GET /api/client/client_1772632728335/appointments 304 in 1222ms :: [{"id":"appt…
2026-05-18T18:01:24.518Z GET /api/clients/client_1772632728335/domains 304 in 1200ms :: [{"id":"domain_1…
2026-05-18T18:01:25.328Z GET /api/client/client_1772632728335/dashboard 304 in 2455ms :: {"client":{"id"…
Business owner access granted for services.view
Business owner access granted for appointments.view
Business owner access granted for leads.view
Business owner access granted for domains.view
2026-05-18T18:02:17.656Z GET /api/clients/client_1772632728335/domains 304 in 1206ms :: [{"id":"domain_1…
2026-05-18T18:02:17.658Z GET /api/client/client_1772632728335/appointments 304 in 1217ms :: [{"id":"appt…
2026-05-18T18:02:17.660Z GET /api/client/client_1772632728335/services 304 in 1240ms :: []
2026-05-18T18:02:17.661Z GET /api/client/client_1772632728335/appointment-slots 304 in 1213ms :: [{"id":…
2026-05-18T18:02:17.662Z GET /api/client/client_1772632728335/leads 304 in 1218ms :: []
2026-05-18T18:02:18.464Z GET /api/client/client_1772632728335/dashboard 304 in 2137ms :: {"client":{"id"…
Business owner access granted for appointments.view
Business owner access granted for services.view
Business owner access granted for leads.view
Business owner access granted for domains.view
2026-05-18T18:02:53.941Z GET /api/client/client_1772632728335/appointments 304 in 1340ms :: [{"id":"appt…
2026-05-18T18:02:53.948Z GET /api/client/client_1772632728335/leads 304 in 1340ms :: []
2026-05-18T18:02:53.950Z GET /api/client/client_1772632728335/services 304 in 1345ms :: []
2026-05-18T18:02:53.962Z GET /api/client/client_1772632728335/appointment-slots 304 in 1350ms :: [{"id":…
2026-05-18T18:02:53.968Z GET /api/clients/client_1772632728335/domains 304 in 1354ms :: [{"id":"domain_1…
2026-05-18T18:02:54.822Z GET /api/client/client_1772632728335/dashboard 304 in 2239ms :: {"client":{"id"…
Business owner access granted for services.view
Business owner access granted for appointments.view
Business owner access granted for leads.view
Business owner access granted for domains.view
2026-05-18T18:03:37.805Z GET /api/client/client_1772632728335/appointments 304 in 1192ms :: [{"id":"appt…
2026-05-18T18:03:37.805Z GET /api/client/client_1772632728335/leads 304 in 1166ms :: []
2026-05-18T18:03:37.810Z GET /api/client/client_1772632728335/appointment-slots 304 in 1169ms :: [{"id":…
2026-05-18T18:03:37.811Z GET /api/client/client_1772632728335/services 304 in 1257ms :: []
2026-05-18T18:03:37.811Z GET /api/clients/client_1772632728335/domains 304 in 1169ms :: [{"id":"domain_1…
2026-05-18T18:03:38.652Z GET /api/client/client_1772632728335/dashboard 304 in 2182ms :: {"client":{"id"…
Business owner access granted for services.view
Business owner access granted for appointments.view
Business owner access granted for leads.view
Business owner access granted for domains.view
2026-05-18T18:04:44.498Z GET /api/client/client_1772632728335/leads 304 in 1445ms :: []
2026-05-18T18:04:44.501Z GET /api/client/client_1772632728335/appointment-slots 304 in 1444ms :: [{"id":…
2026-05-18T18:04:44.504Z GET /api/client/client_1772632728335/services 304 in 1660ms :: []
2026-05-18T18:04:44.526Z GET /api/client/client_1772632728335/appointments 304 in 1478ms :: [{"id":"appt…
2026-05-18T18:04:44.543Z GET /api/clients/client_1772632728335/domains 304 in 1482ms :: [{"id":"domain_1…
2026-05-18T18:04:45.438Z GET /api/client/client_1772632728335/dashboard 304 in 2379ms :: {"client":{"id"…
Business owner access granted for services.view
Business owner access granted for appointments.view
Business owner access granted for leads.view
Business owner access granted for domains.view
2026-05-18T18:07:20.672Z GET /api/client/client_1772632728335/appointments 304 in 1267ms :: [{"id":"appt…
2026-05-18T18:07:20.914Z GET /api/client/client_1772632728335/services 304 in 1517ms :: []
2026-05-18T18:07:20.977Z GET /api/client/client_1772632728335/leads 304 in 1569ms :: []
2026-05-18T18:07:21.349Z GET /api/client/client_1772632728335/appointment-slots 304 in 1938ms :: [{"id":…
2026-05-18T18:07:21.667Z GET /api/clients/client_1772632728335/domains 304 in 2244ms :: [{"id":"domain_1…
2026-05-18T18:07:22.081Z GET /api/client/client_1772632728335/dashboard 304 in 2778ms :: {"client":{"id"…
Business owner access granted for appointments.view
Business owner access granted for services.view
Business owner access granted for leads.view
Business owner access granted for domains.view
2026-05-18T18:11:14.334Z GET /api/client/client_1772632728335/appointments 304 in 1500ms :: [{"id":"appt…
2026-05-18T18:11:14.335Z GET /api/clients/client_1772632728335/domains 304 in 1335ms :: [{"id":"domain_1…
2026-05-18T18:11:14.336Z GET /api/client/client_1772632728335/appointment-slots 304 in 1337ms :: [{"id":…
2026-05-18T18:11:14.345Z GET /api/client/client_1772632728335/leads 304 in 1347ms :: []
2026-05-18T18:11:14.355Z GET /api/client/client_1772632728335/services 304 in 1366ms :: []
2026-05-18T18:11:15.235Z GET /api/client/client_1772632728335/dashboard 304 in 2250ms :: {"client":{"id"…
Business owner access granted for services.view
Business owner access granted for appointments.view
Business owner access granted for leads.view
Business owner access granted for domains.view
2026-05-18T18:15:56.297Z GET /api/client/client_1772632728335/services 304 in 1378ms :: []
2026-05-18T18:15:56.298Z GET /api/client/client_1772632728335/leads 304 in 1340ms :: []
2026-05-18T18:15:56.301Z GET /api/clients/client_1772632728335/domains 304 in 1323ms :: [{"id":"domain_1…
2026-05-18T18:15:56.302Z GET /api/client/client_1772632728335/appointments 304 in 1366ms :: [{"id":"appt…
2026-05-18T18:15:56.303Z GET /api/client/client_1772632728335/appointment-slots 304 in 1327ms :: [{"id":…
2026-05-18T18:15:57.110Z GET /api/client/client_1772632728335/dashboard 304 in 2296ms :: {"client":{"id"…
Business owner access granted for leads.view
Business owner access granted for services.view
Business owner access granted for appointments.view
Business owner access granted for domains.view
2026-05-18T18:22:06.914Z GET /api/client/client_1772632728335/appointment-slots 304 in 1508ms :: [{"id":…
2026-05-18T18:22:06.920Z GET /api/clients/client_1772632728335/domains 304 in 1513ms :: [{"id":"domain_1…
2026-05-18T18:22:06.920Z GET /api/client/client_1772632728335/leads 304 in 1635ms :: []
2026-05-18T18:22:06.921Z GET /api/client/client_1772632728335/services 304 in 1520ms :: []
2026-05-18T18:22:06.926Z GET /api/client/client_1772632728335/appointments 304 in 1522ms :: [{"id":"appt…
2026-05-18T18:22:07.745Z GET /api/client/client_1772632728335/dashboard 304 in 2347ms :: {"client":{"id"…
Business owner access granted for services.view
Business owner access granted for appointments.view
Business owner access granted for leads.view
Business owner access granted for domains.view
2026-05-18T18:35:45.499Z GET /api/client/client_1772632728335/services 304 in 1413ms :: []
2026-05-18T18:35:45.500Z GET /api/client/client_1772632728335/leads 304 in 1405ms :: []
2026-05-18T18:35:45.502Z GET /api/client/client_1772632728335/appointments 304 in 1408ms :: [{"id":"appt…
2026-05-18T18:35:45.503Z GET /api/clients/client_1772632728335/domains 304 in 1406ms :: [{"id":"domain_1…
2026-05-18T18:35:45.503Z GET /api/client/client_1772632728335/appointment-slots 304 in 1407ms :: [{"id":…
2026-05-18T18:35:46.340Z GET /api/client/client_1772632728335/dashboard 304 in 2374ms :: {"client":{"id"…
Business owner access granted for services.view
Business owner access granted for appointments.view
Business owner access granted for leads.view
Business owner access granted for team.view
2026-05-18T18:52:50.659Z GET /api/client/client_1772632728335/appointments 304 in 1499ms :: [{"id":"appt…
2026-05-18T18:52:50.660Z GET /api/client/client_1772632728335/services 304 in 1504ms :: []
2026-05-18T18:52:50.661Z GET /api/client/client_1772632728335/appointment-slots 304 in 1492ms :: [{"id":…
2026-05-18T18:52:50.661Z GET /api/client/client_1772632728335/leads 304 in 1500ms :: []
2026-05-18T18:52:50.673Z GET /api/client/client_1772632728335/team 304 in 1503ms :: [{"id":"team_1778695…
2026-05-18T18:52:51.487Z GET /api/client/client_1772632728335/dashboard 304 in 2372ms :: {"client":{"id"…
Business owner access granted for domains.view
2026-05-18T18:52:57.257Z GET /api/client/client_1772632728335/operating-hours 304 in 176ms :: [{"id":"oh…
2026-05-18T18:52:57.270Z GET /api/clients/client_1772632728335/domains 304 in 188ms :: [{"id":"domain_17…
2026-05-18T18:53:01.284Z GET /api/review-platforms 304 in 3ms :: []
2026-05-18T18:53:01.468Z GET /api/public/plans 304 in 192ms :: [{"id":"plan_1","name":"Free Demo","month…
Found 1 total team members
Looking for team member with email: testteam@mail.com
Found team member: sddffddf (testteam@mail.com)
Stored password: "$2b$10$hoSmeUfzogzydazwSaX5JuOReycEPqZIe9vNmbyNKehhf2u9COYM6" | Submitted: "123456" | Match: false
Team login successful
2026-05-18T18:53:28.407Z POST /api/auth/team-login 200 in 7904ms :: {"teamMember":{"id":"team_1778695801…
2026-05-18T18:53:36.205Z GET /api/client/client_1772632728335/dashboard 304 in 1055ms :: {"client":{"id"…
2026-05-18T18:53:36.231Z GET /api/client/client_1772632728335/leads 304 in 1077ms :: []
2026-05-18T18:53:36.256Z GET /api/client/client_1772632728335/services 304 in 1105ms :: []
2026-05-18T18:53:36.282Z GET /api/client/client_1772632728335/appointment-slots 304 in 1127ms :: [{"id":…
2026-05-18T18:53:36.294Z GET /api/client/client_1772632728335/appointments 304 in 1137ms :: [{"id":"appt…
Creating lead with data: {
  clientId: 'client_1772632728335',
  name: 'cxc',
  email: 'dd@mail.com',
  phone: '3332221111',
  source: 'referral',
  status: 'contacted',
  notes: 'ccxx',
  estimatedValue: 200
}
Lead created successfully: lead_1779130445233
2026-05-18T18:54:05.421Z POST /api/client/client_1772632728335/leads 200 in 199ms :: {"id":"lead_1779130…
2026-05-18T18:54:05.607Z GET /api/client/client_1772632728335/leads 200 in 175ms :: [{"id":"lead_1779130…
2026-05-18T18:54:06.471Z GET /api/client/client_1772632728335/dashboard 200 in 1035ms :: {"client":{"id"…
2026-05-18T18:54:10.996Z PUT /api/client/client_1772632728335/leads/lead_1779130445233 200 in 181ms :: {…
2026-05-18T18:54:11.177Z GET /api/client/client_1772632728335/leads 200 in 172ms :: [{"id":"lead_1779130…
2026-05-18T18:54:12.083Z GET /api/client/client_1772632728335/dashboard 200 in 1076ms :: {"client":{"id"…
2026-05-18T18:54:13.205Z GET /api/client/client_1772632728335/team 304 in 177ms :: [{"id":"team_17786958…
2026-05-18T18:54:32.922Z PATCH /api/client/client_1772632728335/team/team_1778695801794 200 in 309ms :: …
2026-05-18T18:54:33.110Z GET /api/client/client_1772632728335/team 200 in 175ms :: [{"id":"team_17786958…
2026-05-18T18:54:36.399Z GET /api/client/client_1772632728335/smtp-config 304 in 181ms :: {"smtpHost":"s…
2026-05-18T18:54:40.599Z GET /api/clients/client_1772632728335/domains 403 in 1ms :: {"error":"Access de…
2026-05-18T18:54:40.784Z GET /api/client/client_1772632728335/operating-hours 304 in 188ms :: [{"id":"oh…
2026-05-18T18:54:44.861Z PUT /api/clients/client_1772632728335 200 in 210ms :: {"id":"client_17726327283…
2026-05-18T18:54:45.064Z GET /api/client/client_1772632728335/services 304 in 193ms :: []
2026-05-18T18:54:46.968Z GET /api/client/client_1772632728335/dashboard 200 in 2096ms :: {"client":{"id"…
2026-05-18T18:54:51.503Z POST /api/client/client_1772632728335/operating-hours 200 in 333ms :: [{"id":"o…
2026-05-18T18:55:07.232Z POST /api/clients/client_1772632728335/domains 403 in 5ms :: {"error":"Access d…
2026-05-18T18:55:10.109Z POST /api/clients/client_1772632728335/domains 403 in 1ms :: {"error":"Access d…
2026-05-18T18:55:16.952Z POST /api/clients/client_1772632728335/domains 403 in 1ms :: {"error":"Access d…
2026-05-18T18:55:22.185Z POST /api/clients/client_1772632728335/domains 403 in 1ms :: {"error":"Access d…
2026-05-18T18:55:30.369Z POST /api/clients/client_1772632728335/domains 403 in 1ms :: {"error":"Access d…
2026-05-18T18:55:36.209Z POST /api/clients/client_1772632728335/domains 403 in 1ms :: {"error":"Access d…
2026-05-18T18:55:52.970Z GET /api/client/client_1772632728335/leads 304 in 1117ms :: [{"id":"lead_177913…
2026-05-18T18:55:52.976Z GET /api/client/client_1772632728335/appointments 304 in 1108ms :: [{"id":"appt…
2026-05-18T18:55:52.985Z GET /api/client/client_1772632728335/services 304 in 1119ms :: []
2026-05-18T18:55:53.022Z GET /api/client/client_1772632728335/appointment-slots 304 in 1152ms :: [{"id":…
2026-05-18T18:55:53.373Z GET /api/review-platforms 304 in 0ms :: []
2026-05-18T18:55:53.550Z GET /api/public/plans 304 in 178ms :: [{"id":"plan_1","name":"Free Demo","month…
2026-05-18T18:55:53.781Z GET /api/client/client_1772632728335/dashboard 200 in 1923ms :: {"client":{"id"…
2026-05-18T18:56:08.116Z POST /api/auth/client-login 200 in 446ms :: {"user":{"id":"user_1772632728220",…
Business owner access granted for team.view
2026-05-18T18:56:11.333Z GET /api/client/client_1772632728335/team 304 in 171ms :: [{"id":"team_17786958…
Business owner access granted for services.view
Business owner access granted for appointments.view
Business owner access granted for leads.view
Business owner access granted for domains.view
2026-05-18T18:57:43.469Z GET /api/client/client_1772632728335/appointment-slots 304 in 1312ms :: [{"id":…
2026-05-18T18:57:43.471Z GET /api/clients/client_1772632728335/domains 304 in 1312ms :: [{"id":"domain_1…
2026-05-18T18:57:43.471Z GET /api/client/client_1772632728335/services 304 in 1334ms :: []
2026-05-18T18:57:43.471Z GET /api/client/client_1772632728335/appointments 304 in 1327ms :: [{"id":"appt…
2026-05-18T18:57:43.472Z GET /api/client/client_1772632728335/leads 200 in 1317ms :: [{"id":"lead_177913…
2026-05-18T18:57:44.280Z GET /api/client/client_1772632728335/dashboard 200 in 2196ms :: {"client":{"id"…
2026-05-18T18:59:55.608Z GET /api/client/client_1772632728335 304 in 47ms
2026-05-18T18:59:56.891Z GET /api/public/client/client_1772632728335/website 304 in 1326ms :: {"id":"web…
2026-05-18T18:59:56.900Z GET /api/public/clients/client_1772632728335/website-staff 304 in 0ms :: []
2026-05-18T18:59:56.901Z GET /api/public/clients/client_1772632728335/pricing-tiers 304 in 0ms :: []
2026-05-18T18:59:56.902Z GET /api/public/clients/client_1772632728335/website-testimonials 304 in 0ms ::…
2026-05-18T18:59:57.074Z GET /api/public/client/client_1772632728335 200 in 175ms :: {"id":"client_17726…
2026-05-18T18:59:57.961Z GET /api/public/client/client_1772632728335/services 304 in 1059ms :: []
2026-05-18T18:59:58.223Z GET /api/public/clients/client_1772632728335/website-staff 304 in 1ms :: []
2026-05-18T18:59:58.223Z GET /api/public/clients/client_1772632728335/pricing-tiers 304 in 0ms :: []
2026-05-18T18:59:58.227Z GET /api/public/clients/client_1772632728335/website-testimonials 304 in 1ms ::…
2026-05-18T18:59:58.396Z GET /api/public/client/client_1772632728335 304 in 175ms :: {"id":"client_17726…
2026-05-18T18:59:58.400Z GET /api/public/client/client_1772632728335/website 304 in 178ms :: {"id":"webs…
2026-05-18T18:59:59.297Z GET /api/public/client/client_1772632728335/services 304 in 1074ms :: []
2026-05-18T19:00:07.222Z GET /api/client/client_1772632728335 304 in 11ms
Business owner access granted for services.view
Business owner access granted for leads.view
Business owner access granted for appointments.view
2026-05-18T19:00:09.706Z GET /api/client/client_1772632728335/leads 304 in 172ms :: [{"id":"lead_1779130…
2026-05-18T19:00:09.708Z GET /api/client/client_1772632728335/services 304 in 176ms :: []
2026-05-18T19:00:10.546Z GET /api/client/client_1772632728335/dashboard 304 in 1021ms :: {"client":{"id"…
2026-05-18T19:00:10.626Z GET /api/client/client_1772632728335/appointment-slots 304 in 1090ms :: [{"id":…
2026-05-18T19:00:10.638Z GET /api/client/client_1772632728335/appointments 304 in 1098ms :: [{"id":"appt…
Business owner access granted for domains.view
2026-05-18T19:00:12.124Z GET /api/clients/client_1772632728335/domains 200 in 173ms :: [{"id":"domain_17…
2026-05-18T19:00:12.126Z GET /api/client/client_1772632728335/operating-hours 200 in 176ms :: [{"id":"oh…
Business owner access granted for services.view
Business owner access granted for appointments.view
Business owner access granted for leads.view
Business owner access granted for domains.view
2026-05-18T19:03:28.841Z GET /api/client/client_1772632728335/services 304 in 1365ms :: []
2026-05-18T19:03:28.841Z GET /api/client/client_1772632728335/appointments 304 in 1358ms :: [{"id":"appt…
2026-05-18T19:03:28.851Z GET /api/client/client_1772632728335/appointment-slots 304 in 1359ms :: [{"id":…
2026-05-18T19:03:28.858Z GET /api/clients/client_1772632728335/domains 304 in 1366ms :: [{"id":"domain_1…
2026-05-18T19:03:28.868Z GET /api/client/client_1772632728335/leads 304 in 1378ms :: [{"id":"lead_177913…
2026-05-18T19:03:29.701Z GET /api/client/client_1772632728335/dashboard 304 in 2264ms :: {"client":{"id"…
Business owner access granted for payments.view
2026-05-18T19:03:33.751Z GET /api/client/client_1772632728335/stripe-config 304 in 183ms :: {"stripePubl…
2026-05-18T19:03:34.893Z GET /api/review-platforms 304 in 0ms :: []
2026-05-18T19:03:35.070Z GET /api/public/plans 304 in 176ms :: [{"id":"plan_1","name":"Free Demo","month…
Found 1 total team members
Looking for team member with email: testteam@mail.com
Found team member: opp (testteam@mail.com)
Stored password: "$2b$10$.7hPPxRmK3xdZji/EZhKt.QDirdkC.dSNM/hlLjCy315wxhb1Zwru" | Submitted: "123456" | Match: false
Team login successful
2026-05-18T19:03:55.699Z POST /api/auth/team-login 200 in 7613ms :: {"teamMember":{"id":"team_1778695801…
2026-05-18T19:04:07.161Z GET /api/client/client_1772632728335/dashboard 304 in 1068ms :: {"client":{"id"…
2026-05-18T19:04:07.310Z GET /api/client/client_1772632728335/appointments 304 in 1200ms :: [{"id":"appt…
2026-05-18T19:04:07.314Z GET /api/client/client_1772632728335/services 304 in 1194ms :: []
2026-05-18T19:04:07.314Z GET /api/client/client_1772632728335/appointment-slots 304 in 1197ms :: [{"id":…
2026-05-18T19:04:07.318Z GET /api/client/client_1772632728335/leads 304 in 1216ms :: [{"id":"lead_177913…
Creating appointment slot - clientId: client_1772632728335
Request body: {
  dayOfWeek: 1,
  startTime: '09:00',
  endTime: '17:00',
  slotDuration: 30,
  clientId: 'client_1772632728335',
  isActive: true
}
Parsed slot data: {
  clientId: 'client_1772632728335',
  dayOfWeek: 1,
  startTime: '09:00',
  endTime: '17:00',
  slotDuration: 30,
  isActive: true
}
Created slot: {
  id: 'slot_1779131050980',
  clientId: 'client_1772632728335',
  dayOfWeek: 1,
  startTime: '09:00',
  endTime: '17:00',
  slotDuration: 30,
  isActive: true,
  createdAt: 2026-05-18T19:04:10.980Z,
  updatedAt: 2026-05-18T19:04:10.980Z
}
2026-05-18T19:04:11.162Z POST /api/client/client_1772632728335/appointment-slots 200 in 185ms :: {"id":"…
2026-05-18T19:04:11.340Z GET /api/client/client_1772632728335/appointment-slots 200 in 167ms :: [{"id":"…
2026-05-18T19:04:16.721Z DELETE /api/client/client_1772632728335/appointment-slots/slot_1778865737826 20…
2026-05-18T19:04:16.901Z GET /api/client/client_1772632728335/appointment-slots 200 in 173ms :: [{"id":"…
2026-05-18T19:07:43.184Z GET /api/client/client_1772632728335/services 304 in 1422ms :: []
2026-05-18T19:07:43.194Z GET /api/client/client_1772632728335/appointments 304 in 1430ms :: [{"id":"appt…
2026-05-18T19:07:43.194Z GET /api/client/client_1772632728335/appointment-slots 304 in 1443ms :: [{"id":…
2026-05-18T19:07:43.215Z GET /api/client/client_1772632728335/leads 304 in 1452ms :: [{"id":"lead_177913…
2026-05-18T19:07:44.045Z GET /api/client/client_1772632728335/dashboard 304 in 2287ms :: {"client":{"id"…
2026-05-18T19:07:45.244Z GET /api/client/client_1772632728335/team 304 in 187ms :: [{"id":"team_17786958…
2026-05-18T19:07:46.105Z GET /api/client/client_1772632728335/smtp-config 304 in 168ms :: {"smtpHost":"s…
Business owner access granted for services.view
Business owner access granted for appointments.view
Business owner access granted for leads.view
Business owner access granted for domains.view
2026-05-18T19:08:11.692Z GET /api/client/client_1772632728335/leads 304 in 458ms :: [{"id":"lead_1779130…
2026-05-18T19:08:11.695Z GET /api/client/client_1772632728335/services 304 in 469ms :: []
2026-05-18T19:08:11.697Z GET /api/client/client_1772632728335/appointments 304 in 465ms :: [{"id":"appt_…
2026-05-18T19:08:11.854Z GET /api/client/client_1772632728335/appointment-slots 200 in 493ms :: [{"id":"…
2026-05-18T19:08:12.594Z GET /api/client/client_1772632728335/dashboard 304 in 1365ms :: {"client":{"id"…
2026-05-18T19:08:12.784Z GET /api/clients/client_1772632728335/domains 304 in 1421ms :: [{"id":"domain_1…
🛑 Received SIGTERM, closing database connections...
